
> backend@0.0.1 test:e2e
> jest --config ./test/jest-e2e.json test/auth.e2e-spec.ts

  console.log
    [dotenv@17.2.3] injecting env (0) from .env -- tip: ≡ƒ¢á∩╕Å  run anywhere with `dotenvx run -- yourcommand`

      at _log (../node_modules/dotenv/lib/main.js:142:11)

node.exe : FAIL test/auth.e2e-spec.ts
At C:\Program Files\nodejs\npm.ps1:29 char:3
+   & $NODE_EXE $NPM_CLI_JS $args
+   ~~~~~~~~~~~~~~~~~~~~~~~~~~~~~
    + CategoryInfo          : NotSpecified: 
(FA    IL test/auth.e2e-spec.ts:String) [], 
Remote    Exception
    + FullyQualifiedErrorId : 
NativeCommandErro    r
 
  Auth (e2e)
    /auth/register (POST)
      ├ù should register a new user (193 ms)
      ΓêÜ should fail with invalid email 
(25 ms)
      ΓêÜ should fail if email already 
exists (112 ms)

  ΓùÅ Auth (e2e) ΓÇ║ /auth/register (POST) 
ΓÇ║ should register a new user

    
expect(received).not.toHaveProperty(path)

    Expected path: not "password"

    Received value: "$2b$10$H4sFXhcRR.3v9vUf
FbDvweset8sJbszG/SXiAgRKHWrpf7MsKoV5m"

    [0m [90m 44 |[39m             expect(
response[33m.[39mbody)[33m.[39mtoHavePro
perty([32m'id'[39m)[33m;[39m
     [90m 45 |[39m             expect(resp
onse[33m.[39mbody[33m.[39memail)[33m.[
39mtoBe(email)[33m;[39m
    [31m[1m>[22m[39m[90m 46 |[39m     
        expect(response[33m.[39mbody)[33m
.[39mnot[33m.[39mtoHaveProperty([32m'pas
sword'[39m)[33m;[39m [90m// Password 
should not be returned[39m
     [90m    |[39m                        
               [31m[1m^[22m[39m
     [90m 47 |[39m         })[33m;[39m
     [90m 48 |[39m
     [90m 49 |[39m         
it([32m'should fail with invalid 
email'[39m[33m,[39m () [33m=>[39m {[0m

      at Object.<anonymous> 
(auth.e2e-spec.ts:46:39)

Test Suites: 1 failed, 1 total
Tests:       1 failed, 2 passed, 3 total
Snapshots:   0 total
Time:        3.439 s
Ran all test suites matching 
test/auth.e2e-spec.ts.
